// Jest Snapshot v1, https://goo.gl/fbAQLP

exports[`TextField Component renders correctly 1`] = `
<div>
  <div
    class="flex flex-col w-full"
  >
    <label
      class="text-sm font-semibold text-gray-600"
    >
      Name
    </label>
    <input
      class="w-full border border-gray-300 rounded-md p-3 focus:outline-none focus:border-blue-500 transition duration-200 mt-2"
      placeholder="Type here"
    />
  </div>
</div>
`;
